// Vitest Snapshot v1, https://vitest.dev/guide/snapshot.html

exports[`locale files > pl.json is byte-identical to the extracted legacy strings (snapshot) 1`] = `
{
  "app.title": "Kopalnia",
  "common.back": "Wróć",
  "common.backToMenu": "Wróć do menu",
  "common.backToShop": "Wróć do sklepu",
  "common.classic": "Klasyczne",
  "common.close": "Zamknij",
  "common.levelUnit": " poz.",
  "common.rolling": "Losowanie…",
  "cont.intro": "Wszystkie skiny są w jednej skrzynce. Motywy: {themes}. Każdy skin ma losowe moce (działają po założeniu), a ich jakość zależy od rzadkości skina.",
  "cont.line": "{name} · szansa {od}% · wartość od 🪙{v}",
  "cont.perkCount": "Liczba mocy: {n}",
  "cont.perkLine": "{icon} {name}: {values}",
  "cont.perkQuality": "Jakość mocy: {qws}",
  "cont.perksTitle": "Możliwe moce",
  "cont.title": "🔍 Zawartość skrzynki",
  "crate.info": "Skrzynki: {n} · losuje kulki od poz. 1 do {max}",
  "crate.name.0": "Skrzynia Skinów",
  "crate.open": "Otwórz skrzynkę",
  "crate.result": "Wylosowano kulkę poz. {l} (siła {p}) — trafiła {where}!",
  "crate.title": "🎁 Skrzynka",
  "crate.whereBoard": "na planszę",
  "crate.whereInv": "do ekwipunku",
  "hud.blast": "💥 Wybuchy {l} 🪙{c}",
  "hud.bomb": "💣 Mega bomba ×{n}",
  "hud.buyb": "Kup bombę 🪙{c}",
  "hud.crate": {
    "few": "🎁 Otwórz skrzynkę ({n})",
    "many": "🎁 Otwórz skrzynkę ({n})",
    "one": "🎁 Otwórz skrzynkę ({n})",
    "other": "🎁 Otwórz skrzynkę ({n})",
  },
  "hud.depth": "Głęb.: {d} m",
  "hud.discount": "🏷 Zniżka −{p}% 🪙{c}",
  "hud.discountMax": "🏷 Zniżka MAX",
  "hud.dropResult": {
    "few": "Zdobyto 🪙{coins}. Na planszę wróciło {back}, do ekwipunku {inv}.",
    "many": "Zdobyto 🪙{coins}. Na planszę wróciło {back}, do ekwipunku {inv}.",
    "one": "Zdobyto 🪙{coins}. Na planszę wróciło {back}, do ekwipunku {inv}.",
    "other": "Zdobyto 🪙{coins}. Na planszę wróciło {back}, do ekwipunku {inv}.",
  },
  "hud.hint": "Dotknij przedmiot, potem taki sam, by je połączyć.",
  "hud.inc": "Zarobki ×{m} 🪙{p}",
  "hud.pas": "⛏ Dochód +{n}/2s 🪙{c}",
  "hud.ren": "Auto-powrót {r}% 🪙{c}",
  "hud.sell": "Sprzedaj zaznaczoną kulkę 🪙{p}",
  "hud.sellIdle": "Sprzedaj (najpierw zaznacz kulkę)",
  "hud.spawn": "Nowy (poz. {l}) 🪙{p}",
  "hud.up": "Ulepsz start 🪙{p}",
  "inv.chip": "poz. {l} ({p}) ×{n}",
  "inv.empty": "pusty — zrzucone przedmioty trafią tutaj",
  "inv.label": "Ekwipunek",
  "inv.title": "Ekwipunek:",
  "levelup.crate": " · 🎁 Skrzynka!",
  "levelup.title": "⭐ Awans! Poziom konta {l}",
  "luck.1": "Powodzenia! 🍀",
  "luck.2": "Kop, kulko, kop! ⛏️",
  "luck.3": "Niech spadają! 🎱",
  "luck.4": "Do dzieła! 💪",
  "menu.continue": "Kontynuuj",
  "menu.how": "Jak grać",
  "menu.label": "Menu",
  "menu.play": "Graj",
  "menu.reset": "Resetuj postęp",
  "menu.resetConfirm": "Na pewno? Kliknij jeszcze raz",
  "menu.rule1": "Dotknij kulkę, potem drugą o tym samym poziomie, by je połączyć. Wyższy poziom to większa siła.",
  "menu.rule2": "RZUĆ! zrzuca kulki na bloki. Zniszczone bloki dają monety. Kolor bloku zależy od jego życia.",
  "menu.rule3": "Za monety kupisz nowe kulki, ulepszenia, wybuchy i bomby. Kulki możesz też sprzedać. Postęp zapisuje się sam.",
  "menu.statsPoints": " ({n} pkt)",
  "menu.tagline": "Łącz kulki, zrzucaj je i drąż coraz głębiej.",
  "menu.title": "Łącz i kop",
  "mp.codePlaceholder": "KOD",
  "mp.connectFail": "Nie udało się połączyć z żadnym serwerem pośredniczącym. Sprawdź internet albo spróbuj później.",
  "mp.connecting": "Łączenie z pojedynkiem {code}…",
  "mp.enterCode": "Wpisz kod pojedynku.",
  "mp.find": "🔍 Szukaj losowego przeciwnika",
  "mp.found": "Znaleziono przeciwnika! Łączenie…",
  "mp.host": "🔑 Utwórz pojedynek (kod)",
  "mp.hostIdle": "Nikt nie dołączył. Spróbuj ponownie.",
  "mp.infoArmy": "Do walki idzie twoich {n} najsilniejszych kulek (maks. 5). Przegrana nie odbiera kulek.",
  "mp.infoEmpty": "Nie masz jeszcze kulek. Połącz je w kopalni.",
  "mp.join": "Dołącz",
  "mp.libFail": "Nie udało się załadować biblioteki sieciowej.",
  "mp.needBalls": "Najpierw zdobądź jakieś kulki!",
  "mp.noOpponent": "Nie znaleziono przeciwnika. Spróbuj ponownie albo użyj kodu.",
  "mp.noRoom": "Nie ma takiego pojedynku albo przeciwnik już wyszedł. Sprawdź kod.",
  "mp.opponentJoined": "Przeciwnik w pokoju: {name}",
  "mp.seeking": "Szukam przeciwnika…",
  "mp.title": "🌐 Multiplayer",
  "mp.yourCode": "Twój kod: {code} — przekaż go przeciwnikowi i czekaj…",
  "msg.blast": "Upadające kulki wybuchają po bokach i w dół!",
  "msg.boardFull": "Plansza pełna — połącz przedmioty.",
  "msg.bomb": "💣 BUM! Trzy górne rzędy osłabione o połowę: +🪙{e}",
  "msg.discount": "Nowe kulki kosztują teraz 🪙{p}",
  "msg.income": "Zarobki ×{m}",
  "msg.merged": "Połączono! Poziom {n}",
  "msg.passive": "Pasywny dochód: +{n} monet co 2 sekundy",
  "msg.refill": "Dostajesz zapasowe monety, kop dalej!",
  "msg.renew": "Szansa odnowy: {p}%",
  "msg.sold": "Sprzedano za 🪙{p}",
  "msg.spawnLevel": "Nowe kulki startują od poz. {l}, ale kosztują już 🪙{p}",
  "msg.wiped": "Postęp wyzerowany. Zaczynasz od nowa!",
  "perk.blast": "Wybuchy",
  "perk.exp": "Doświadczenie",
  "perk.fire": "Podpalanie wrogów",
  "perk.gain": "Zysk monet",
  "perk.luck": "Diamenty w blokach",
  "perk.pow": "Siła kulek",
  "perk.slow": "Zamrażanie wrogów",
  "rar.0": "Zwykły",
  "rar.1": "Rzadki",
  "rar.2": "Epicki",
  "rar.3": "Legendarny",
  "shop.info": "🪙{coins} · skiny w ekwipunku: {n} · założony: {name}",
  "shop.invButton": "🎒 Ekwipunek skinów ({n})",
  "shop.preview": "🔍 Co może wypaść",
  "shop.title": "🛍 Sklep ze skinami",
  "skin.crypto": "Kryptowaluty",
  "skin.def": "Klasyczne",
  "skin.fruit": "Owoce",
  "skin.fx": "Kursy walut",
  "skin.planet": "Planety",
  "skin.sq": "Kwadraty",
  "skinsInv.classicHint": "domyślne kulki",
  "skinsInv.equip": "Załóż",
  "skinsInv.equipped": "Założone ✓",
  "skinsInv.info": "🪙{coins} · założony: {name}",
  "skinsInv.sell": "Sprzedaj 🪙{v}",
  "skinsInv.title": "🎒 Ekwipunek skinów",
  "skinsInv.unequip": "Zdejmij",
  "skinsInv.value": "Wartość 🪙{v}",
  "snd.off": "Dźwięk: wyłączony",
  "snd.on": "Dźwięk: włączony",
  "spin.added": "Wartość: 🪙{v} — dodano do ekwipunku skinów",
  "spin.info": "🪙{coins} · Moce skina działają po jego założeniu",
  "spin.open": "Otwórz 🪙{c}",
  "spin.title": "Skrzynia",
  "stat.gain.desc": "+6% monet",
  "stat.gain.name": "💰 Zysk",
  "stat.hp.desc": "+6% życia kulek w wojnie",
  "stat.hp.name": "❤ Wytrzymałość",
  "stat.luck.desc": "+2% szans na diament w blokach",
  "stat.luck.name": "🍀 Szczęście",
  "stat.pow.desc": "+8% obrażeń (kopalnia i wojna)",
  "stat.pow.name": "💪 Siła kulek",
  "stats.addPoint": "Dodaj punkt: {name}",
  "stats.help": "Za każdy poziom konta dostajesz 1 punkt. Im wyższy poziom, tym jednak twardsze bloki w kopalni (+5% życia na poziom), więc punkty pomagają dotrzymać kroku, a nie przejść grę.",
  "stats.info": "Poziom {l} · wolne punkty: {p}",
  "stats.reset": "Przydziel od nowa 🪙{c}",
  "stats.title": "⭐ Statystyki",
  "war.bitwa": "Bitwa!",
  "war.draw": "Remis!",
  "war.duelLoss": "Przegrana w pojedynku. +🪙10, +15 XP (kulki bezpieczne)",
  "war.duelOpp": "Pojedynek z: {name}",
  "war.duelWin": "Wygrywasz pojedynek! +🪙{r}, +60 XP",
  "war.fight": "Walka!",
  "war.fighting": "Walka trwa…",
  "war.finish": "Zakończ",
  "war.forfeit": "Przeciwnik opuścił grę — wygrywasz walkowerem! (+20 XP)",
  "war.help": "🔥 podpala wrogów (obrażenia z czasem) · ❄ spowalnia ich ataki · ☠ po zniszczeniu wroga osłabia pozostałych. Do walki idzie 5 twoich najsilniejszych kulek z planszy i ekwipunku. Za porażkę masz 50% szans na utratę jednej losowej kulki z walczących. Przeciwnik jest losowany w granicach ±3 poziomów od twojego poziomu konta (⭐ rośnie z kopania i wygranych).",
  "war.info": "⭐ Poziom konta {l} · Wygrane: {w} · 🪙{coins}",
  "war.loseBall": "Porażka! Tracisz kulkę poz. {L}. (+🪙15)",
  "war.loseSafe": "Porażka, ale kulki ocalały! (+🪙15)",
  "war.next": "Dalej",
  "war.power.fire": "🔥 Podpalenie",
  "war.power.slow": "❄ Spowolnienie",
  "war.power.weak": "☠ Osłabienie",
  "war.prepare": {
    "few": "Wróg poz. {eL} wystawił {n} kulek (twoich: {pN}). Uwaga: przegrana grozi stratą kulki (50%)!",
    "many": "Wróg poz. {eL} wystawił {n} kulek (twoich: {pN}). Uwaga: przegrana grozi stratą kulki (50%)!",
    "one": "Wróg poz. {eL} wystawił {n} kulek (twoich: {pN}). Uwaga: przegrana grozi stratą kulki (50%)!",
    "other": "Wróg poz. {eL} wystawił {n} kulek (twoich: {pN}). Uwaga: przegrana grozi stratą kulki (50%)!",
  },
  "war.prepare.empty": "Nie masz kulek! Połącz je na planszy w kopalni.",
  "war.pvp": "Walka PvP…",
  "war.refresh": "Odśwież",
  "war.title": "⚔ Wojna kulek",
  "war.win": "Zwycięstwo! +🪙{coins}, +{xp} XP. Kliknij Dalej.",
}
`;

exports[`locale files > pl.json is byte-identical to the extracted legacy strings (snapshot) 2`] = `
{
  "app.title": "Kopalnia",
  "common.back": "Back",
  "common.backToMenu": "Back to menu",
  "common.backToShop": "Back to the shop",
  "common.classic": "Classic",
  "common.close": "Close",
  "common.levelUnit": " lvl",
  "common.rolling": "Rolling…",
  "cont.intro": "All skins live in one chest. Themes: {themes}. Every skin has random powers (active once equipped) and their quality depends on the skin's rarity.",
  "cont.line": "{name} · chance {od}% · value from 🪙{v}",
  "cont.perkCount": "Power count: {n}",
  "cont.perkLine": "{icon} {name}: {values}",
  "cont.perkQuality": "Power quality: {qws}",
  "cont.perksTitle": "Possible powers",
  "cont.title": "🔍 Chest contents",
  "crate.info": "Crates: {n} · rolls balls from level 1 to {max}",
  "crate.name.0": "Skin Chest",
  "crate.open": "Open crate",
  "crate.result": "Rolled a level-{l} ball (power {p}) — it went {where}!",
  "crate.title": "🎁 Crate",
  "crate.whereBoard": "to the board",
  "crate.whereInv": "to the inventory",
  "hud.blast": "💥 Blasts {l} 🪙{c}",
  "hud.bomb": "💣 Mega bomb ×{n}",
  "hud.buyb": "Buy a bomb 🪙{c}",
  "hud.crate": "🎁 Open crate ({n})",
  "hud.depth": "Depth: {d} m",
  "hud.discount": "🏷 Discount −{p}% 🪙{c}",
  "hud.discountMax": "🏷 MAX discount",
  "hud.dropResult": "Earned 🪙{coins}. Returned {back} to the board, {inv} to the inventory.",
  "hud.hint": "Tap an item, then another of the same kind, to merge them.",
  "hud.inc": "Income ×{m} 🪙{p}",
  "hud.pas": "⛏ Income +{n}/2s 🪙{c}",
  "hud.ren": "Auto-return {r}% 🪙{c}",
  "hud.sell": "Sell the selected ball 🪙{p}",
  "hud.sellIdle": "Sell (select a ball first)",
  "hud.spawn": "New (lvl {l}) 🪙{p}",
  "hud.up": "Upgrade start 🪙{p}",
  "inv.chip": "lvl {l} ({p}) ×{n}",
  "inv.empty": "empty — dropped items land here",
  "inv.label": "Inventory",
  "inv.title": "Inventory:",
  "levelup.crate": " · 🎁 Crate!",
  "levelup.title": "⭐ Level up! Account level {l}",
  "luck.1": "Good luck! 🍀",
  "luck.2": "Dig, ball, dig! ⛏️",
  "luck.3": "Let them fall! 🎱",
  "luck.4": "Let's do this! 💪",
  "menu.continue": "Continue",
  "menu.how": "How to play",
  "menu.label": "Menu",
  "menu.play": "Play",
  "menu.reset": "Reset progress",
  "menu.resetConfirm": "Are you sure? Click again",
  "menu.rule1": "Tap a ball, then another of the same level, to merge them. A higher level means more power.",
  "menu.rule2": "DROP! throws balls at blocks. Broken blocks pay coins. A block's color shows its health.",
  "menu.rule3": "Spend coins on new balls, upgrades, blasts and bombs. You can also sell balls. Progress saves itself.",
  "menu.statsPoints": " ({n} pts)",
  "menu.tagline": "Merge the balls, drop them and dig ever deeper.",
  "menu.title": "Merge & dig",
  "mp.codePlaceholder": "CODE",
  "mp.connectFail": "Could not reach any broker server. Check your internet or try again later.",
  "mp.connecting": "Joining duel {code}…",
  "mp.enterCode": "Enter a duel code.",
  "mp.find": "🔍 Find a random opponent",
  "mp.found": "Opponent found! Connecting…",
  "mp.host": "🔑 Create a duel (code)",
  "mp.hostIdle": "Nobody joined. Try again.",
  "mp.infoArmy": "Your {n} strongest balls march to war (max. 5). Losing never removes balls.",
  "mp.infoEmpty": "No balls yet. Merge them in the mine.",
  "mp.join": "Join",
  "mp.libFail": "Could not load the networking library.",
  "mp.needBalls": "Get some balls first!",
  "mp.noOpponent": "No opponent found. Try again or use a code.",
  "mp.noRoom": "No such duel, or the opponent already left. Check the code.",
  "mp.opponentJoined": "Opponent in the room: {name}",
  "mp.seeking": "Looking for an opponent…",
  "mp.title": "🌐 Multiplayer",
  "mp.yourCode": "Your code: {code} — share it with your opponent and wait…",
  "msg.blast": "Falling balls explode to the sides and down!",
  "msg.boardFull": "Board full — merge some items first.",
  "msg.bomb": "💣 BOOM! The top three rows halved: +🪙{e}",
  "msg.discount": "New balls now cost 🪙{p}",
  "msg.income": "Income ×{m}",
  "msg.merged": "Merged! Level {n}",
  "msg.passive": "Passive income: +{n} coins every 2 seconds",
  "msg.refill": "You get emergency coins — keep digging!",
  "msg.renew": "Renewal chance: {p}%",
  "msg.sold": "Sold for 🪙{p}",
  "msg.spawnLevel": "New balls now start at level {l}, but cost 🪙{p}",
  "msg.wiped": "Progress reset. Starting over!",
  "perk.blast": "Blasts",
  "perk.exp": "Experience",
  "perk.fire": "Burning enemies",
  "perk.gain": "Coin gain",
  "perk.luck": "Diamonds in blocks",
  "perk.pow": "Ball power",
  "perk.slow": "Freezing enemies",
  "rar.0": "Common",
  "rar.1": "Rare",
  "rar.2": "Epic",
  "rar.3": "Legendary",
  "shop.info": "🪙{coins} · skins in inventory: {n} · equipped: {name}",
  "shop.invButton": "🎒 Skin inventory ({n})",
  "shop.preview": "🔍 What can drop",
  "shop.title": "🛍 Skin Shop",
  "skin.crypto": "Cryptocurrencies",
  "skin.def": "Classic",
  "skin.fruit": "Fruit",
  "skin.fx": "Currency rates",
  "skin.planet": "Planets",
  "skin.sq": "Squares",
  "skinsInv.classicHint": "default balls",
  "skinsInv.equip": "Equip",
  "skinsInv.equipped": "Equipped ✓",
  "skinsInv.info": "🪙{coins} · equipped: {name}",
  "skinsInv.sell": "Sell 🪙{v}",
  "skinsInv.title": "🎒 Skin inventory",
  "skinsInv.unequip": "Unequip",
  "skinsInv.value": "Value 🪙{v}",
  "snd.off": "Sound: off",
  "snd.on": "Sound: on",
  "spin.added": "Value: 🪙{v} — added to your skin inventory",
  "spin.info": "🪙{coins} · Skin powers work once equipped",
  "spin.open": "Open 🪙{c}",
  "spin.title": "Chest",
  "stat.gain.desc": "+6% coins",
  "stat.gain.name": "💰 Gain",
  "stat.hp.desc": "+6% ball health in war",
  "stat.hp.name": "❤ Toughness",
  "stat.luck.desc": "+2% chance of diamonds in blocks",
  "stat.luck.name": "🍀 Luck",
  "stat.pow.desc": "+8% damage (mine and war)",
  "stat.pow.name": "💪 Ball power",
  "stats.addPoint": "Add point: {name}",
  "stats.help": "Each account level grants 1 point. The higher your level, the tougher the mine blocks (+5% health per level), so points help you keep up rather than beat the game.",
  "stats.info": "Level {l} · free points: {p}",
  "stats.reset": "Respec 🪙{c}",
  "stats.title": "⭐ Statistics",
  "war.bitwa": "Battle!",
  "war.draw": "Draw!",
  "war.duelLoss": "Duel lost. +🪙10, +15 XP (balls are safe)",
  "war.duelOpp": "Duel vs: {name}",
  "war.duelWin": "You win the duel! +🪙{r}, +60 XP",
  "war.fight": "Fight!",
  "war.fighting": "Fight in progress…",
  "war.finish": "Finish",
  "war.forfeit": "Your opponent left — you win by forfeit! (+20 XP)",
  "war.help": "🔥 burns enemies (damage over time) · ❄ slows their attacks · ☠ weakens the rest once an enemy falls. The 5 strongest balls from your board and inventory march to war. A loss has a 50% chance to cost one random fighting ball. The enemy rolls within ±3 levels of your account level (⭐ grows with digging and wins).",
  "war.info": "Account level {l} · Wins: {w} · 🪙{coins}",
  "war.loseBall": "Defeat! You lose a level-{L} ball. (+🪙15)",
  "war.loseSafe": "Defeat, but the balls survived! (+🪙15)",
  "war.next": "Next",
  "war.power.fire": "🔥 Ignition",
  "war.power.slow": "❄ Slowdown",
  "war.power.weak": "☠ Weakening",
  "war.prepare": {
    "one": "Enemy level {eL} fielded {n} ball (yours: {pN}). Careful: a loss may cost you a ball (50%)!",
    "other": "Enemy level {eL} fielded {n} balls (yours: {pN}). Careful: a loss may cost you a ball (50%)!",
  },
  "war.prepare.empty": "You have no balls! Merge them on the mine board first.",
  "war.pvp": "PvP fight…",
  "war.refresh": "Refresh",
  "war.title": "⚔ War of Balls",
  "war.win": "Victory! +🪙{coins}, +{xp} XP. Click Next.",
}
`;
